\BOOKMARK [1][-]{section*.1}{\376\377\000A\000g\000r\000a\000d\000e\000c\000i\000m\000i\000e\000n\000t\000o\000s}{}% 1
\BOOKMARK [1][-]{section*.2}{\376\377\000A\000b\000s\000t\000r\000a\000c\000t}{}% 2
\BOOKMARK [1][-]{section*.3}{\376\377\000R\000e\000s\000u\000m\000e\000n}{}% 3
\BOOKMARK [1][-]{chapter*.4}{\376\377\000\315\000n\000d\000i\000c\000e\000\040\000d\000e\000\040\000f\000i\000g\000u\000r\000a\000s}{}% 4
\BOOKMARK [1][-]{chapter*.5}{\376\377\000\315\000n\000d\000i\000c\000e\000\040\000d\000e\000\040\000t\000a\000b\000l\000a\000s}{}% 5
\BOOKMARK [1][-]{section*.7}{\376\377\000A\000b\000r\000e\000v\000i\000a\000t\000u\000r\000a\000s\000\040\000y\000\040\000a\000c\000r\000\363\000n\000i\000m\000o\000s}{}% 6
\BOOKMARK [0][-]{chapter.1}{\376\377\000I\000n\000t\000r\000o\000d\000u\000c\000t\000i\000o\000n}{}% 7
\BOOKMARK [1][-]{section.1.1}{\376\377\000M\000o\000t\000i\000v\000a\000c\000i\000\363\000n}{chapter.1}% 8
\BOOKMARK [1][-]{section.1.2}{\376\377\000D\000e\000s\000c\000r\000i\000p\000c\000i\000\363\000n}{chapter.1}% 9
\BOOKMARK [1][-]{section.1.3}{\376\377\000O\000b\000j\000e\000t\000i\000v\000o\000s}{chapter.1}% 10
\BOOKMARK [0][-]{chapter.2}{\376\377\000E\000s\000t\000a\000d\000o\000\040\000d\000e\000l\000\040\000a\000r\000t\000e}{}% 11
\BOOKMARK [1][-]{section.2.1}{\376\377\000M\000o\000d\000e\000l\000o\000s\000\040\000d\000e\000\040\000l\000e\000n\000g\000u\000a\000j\000e\000\040\000a\000u\000t\000o\000r\000e\000g\000r\000e\000s\000i\000v\000o\000s\000\040\000y\000\040\000l\000a\000\040\000t\000e\000n\000s\000i\000\363\000n\000\040\000c\000o\000n\000\040\000l\000a\000s\000\040\000s\000a\000l\000i\000d\000a\000s\000\040\000j\000e\000r\000\341\000r\000q\000u\000i\000c\000a\000s}{chapter.2}% 12
\BOOKMARK [1][-]{section.2.2}{\376\377\000D\000e\000\040\000t\000e\000x\000t\000o\000\040\000l\000i\000b\000r\000e\000\040\000a\000\040\000e\000l\000e\000m\000e\000n\000t\000o\000s\000\040\000t\000\351\000c\000n\000i\000c\000o\000s\000\040\000e\000s\000t\000r\000u\000c\000t\000u\000r\000a\000d\000o\000s}{chapter.2}% 13
\BOOKMARK [1][-]{section.2.3}{\376\377\000F\000i\000a\000b\000i\000l\000i\000d\000a\000d\000\040\000d\000e\000\040\000s\000a\000l\000i\000d\000a\000s\000\040\000e\000s\000t\000r\000u\000c\000t\000u\000r\000a\000d\000a\000s\000\040\000e\000n\000\040\000L\000L\000M\000s}{chapter.2}% 14
\BOOKMARK [1][-]{section.2.4}{\376\377\000C\000o\000n\000t\000r\000o\000l\000\040\000e\000s\000t\000r\000u\000c\000t\000u\000r\000a\000l\000:\000\040\000g\000r\000a\000m\000\341\000t\000i\000c\000a\000s\000,\000\040\000p\000a\000r\000s\000e\000r\000s\000\040\000y\000\040\000c\000o\000n\000s\000t\000r\000a\000i\000n\000e\000d\000\040\000d\000e\000c\000o\000d\000i\000n\000g}{chapter.2}% 15
\BOOKMARK [1][-]{section.2.5}{\376\377\000P\000r\000e\000d\000i\000c\000c\000i\000\363\000n\000\040\000e\000s\000t\000r\000u\000c\000t\000u\000r\000a\000d\000a\000\040\000y\000\040\000r\000e\000p\000r\000e\000s\000e\000n\000t\000a\000c\000i\000\363\000n\000\040\000e\000x\000p\000l\000\355\000c\000i\000t\000a\000\040\000d\000e\000\040\000j\000e\000r\000a\000r\000q\000u\000\355\000a}{chapter.2}% 16
\BOOKMARK [1][-]{section.2.6}{\376\377\000A\000d\000a\000p\000t\000a\000c\000i\000\363\000n\000\040\000s\000u\000p\000e\000r\000v\000i\000s\000a\000d\000a\000\040\000e\000f\000i\000c\000i\000e\000n\000t\000e\000:\000\040\000S\000F\000T\000,\000\040\000L\000o\000R\000A\000\040\000y\000\040\000Q\000L\000o\000R\000A}{chapter.2}% 17
\BOOKMARK [1][-]{section.2.7}{\376\377\000K\000u\000b\000e\000r\000n\000e\000t\000e\000s\000\040\000c\000o\000m\000o\000\040\000d\000o\000m\000i\000n\000i\000o\000\040\000d\000e\000\040\000e\000v\000a\000l\000u\000a\000c\000i\000\363\000n\000\040\000e\000s\000t\000r\000u\000c\000t\000u\000r\000a\000d\000a}{chapter.2}% 18
\BOOKMARK [1][-]{section.2.8}{\376\377\000O\000p\000t\000i\000m\000i\000z\000a\000c\000i\000\363\000n\000\040\000p\000o\000r\000\040\000p\000r\000e\000f\000e\000r\000e\000n\000c\000i\000a\000s\000\040\000y\000\040\000a\000l\000i\000n\000e\000a\000m\000i\000e\000n\000t\000o\000\040\000p\000o\000s\000t\000-\000S\000F\000T}{chapter.2}% 19
\BOOKMARK [0][-]{chapter.3}{\376\377\000A\000n\000\341\000l\000i\000s\000i\000s\000\040\000i\000n\000i\000c\000i\000a\000l}{}% 20
\BOOKMARK [1][-]{section.3.1}{\376\377\000E\000l\000\040\000c\000o\000n\000j\000u\000n\000t\000o\000\040\000d\000e\000\040\000d\000a\000t\000o\000s}{chapter.3}% 21
\BOOKMARK [2][-]{subsection.3.1.1}{\376\377\000D\000e\000s\000c\000r\000i\000p\000c\000i\000\363\000n\000\040\000g\000e\000n\000e\000r\000a\000l}{section.3.1}% 22
\BOOKMARK [2][-]{subsection.3.1.2}{\376\377\000D\000i\000s\000t\000r\000i\000b\000u\000c\000i\000\363\000n\000\040\000d\000e\000\040\000t\000i\000p\000o\000s\000\040\000d\000e\000\040\000r\000e\000c\000u\000r\000s\000o}{section.3.1}% 23
\BOOKMARK [1][-]{section.3.2}{\376\377\000R\000e\000p\000r\000e\000s\000e\000n\000t\000a\000c\000i\000\363\000n\000\040\000j\000e\000r\000\341\000r\000q\000u\000i\000c\000a\000:\000\040\000l\000a\000\040\000s\000e\000c\000u\000e\000n\000c\000i\000a\000\040\000n\000i\000v\000e\000l\000-\000l\000\355\000n\000e\000a}{chapter.3}% 24
\BOOKMARK [2][-]{subsection.3.2.1}{\376\377\000E\000l\000\040\000c\000o\000n\000t\000r\000a\000t\000o\000\040\000d\000e\000\040\000e\000s\000t\000r\000u\000c\000t\000u\000r\000a}{section.3.2}% 25
\BOOKMARK [2][-]{subsection.3.2.2}{\376\377\000E\000s\000t\000a\000d\000\355\000s\000t\000i\000c\000a\000s\000\040\000d\000e\000\040\000p\000r\000o\000f\000u\000n\000d\000i\000d\000a\000d\000\040\000y\000\040\000c\000o\000m\000p\000l\000e\000j\000i\000d\000a\000d}{section.3.2}% 26
\BOOKMARK [2][-]{subsection.3.2.3}{\376\377\000H\000e\000t\000e\000r\000o\000g\000e\000n\000e\000i\000d\000a\000d\000\040\000e\000s\000t\000r\000u\000c\000t\000u\000r\000a\000l\000\040\000p\000o\000r\000\040\000t\000i\000p\000o\000\040\000d\000e\000\040\000r\000e\000c\000u\000r\000s\000o}{section.3.2}% 27
\BOOKMARK [2][-]{subsection.3.2.4}{\376\377\000P\000r\000e\000s\000e\000n\000c\000i\000a\000\040\000d\000e\000\040\000c\000a\000m\000p\000o\000s\000\040\000s\000e\000m\000\341\000n\000t\000i\000c\000o\000s}{section.3.2}% 28
\BOOKMARK [1][-]{section.3.3}{\376\377\000A\000n\000\341\000l\000i\000s\000i\000s\000\040\000d\000e\000\040\000l\000o\000s\000\040\000p\000r\000o\000m\000p\000t\000s}{chapter.3}% 29
\BOOKMARK [2][-]{subsection.3.3.1}{\376\377\000V\000a\000r\000i\000a\000n\000t\000e\000s\000\040\000y\000\040\000l\000o\000n\000g\000i\000t\000u\000d}{section.3.3}% 30
\BOOKMARK [2][-]{subsection.3.3.2}{\376\377\000S\000i\000m\000i\000l\000i\000t\000u\000d\000\040\000e\000n\000t\000r\000e\000\040\000v\000a\000r\000i\000a\000n\000t\000e\000s}{section.3.3}% 31
\BOOKMARK [2][-]{subsection.3.3.3}{\376\377\000R\000e\000q\000u\000i\000s\000i\000t\000o\000s\000\040\000c\000a\000p\000t\000u\000r\000a\000d\000o\000s}{section.3.3}% 32
\BOOKMARK [2][-]{subsection.3.3.4}{\376\377\000C\000o\000r\000r\000e\000l\000a\000c\000i\000\363\000n\000\040\000e\000n\000t\000r\000e\000\040\000l\000o\000n\000g\000i\000t\000u\000d\000\040\000y\000\040\000c\000o\000m\000p\000l\000e\000j\000i\000d\000a\000d}{section.3.3}% 33
\BOOKMARK [1][-]{section.3.4}{\376\377\000O\000b\000s\000e\000r\000v\000a\000c\000i\000o\000n\000e\000s\000\040\000c\000o\000n\000\040\000i\000m\000p\000l\000i\000c\000a\000c\000i\000o\000n\000e\000s\000\040\000d\000e\000\040\000d\000i\000s\000e\000\361\000o}{chapter.3}% 34
\BOOKMARK [2][-]{subsection.3.4.1}{\376\377\000L\000a\000\040\000p\000a\000r\000e\000d\000\040\000d\000e\000l\000\040\000n\000i\000v\000e\000l\000\040\0005}{section.3.4}% 35
\BOOKMARK [2][-]{subsection.3.4.2}{\376\377\000A\000n\000t\000i\000-\000p\000a\000t\000r\000o\000n\000e\000s\000\040\000d\000e\000\040\000s\000e\000g\000u\000r\000i\000d\000a\000d\000\040\000p\000r\000e\000s\000e\000n\000t\000e\000s\000\040\000e\000n\000\040\000e\000l\000\040\000t\000r\000a\000i\000n\000i\000n\000g\000\040\000d\000a\000t\000a}{section.3.4}% 36
\BOOKMARK [0][-]{chapter.4}{\376\377\000D\000i\000s\000e\000\361\000o\000\040\000E\000x\000p\000e\000r\000i\000m\000e\000n\000t\000a\000l\000\040\000y\000\040\000M\000\351\000t\000r\000i\000c\000a\000s\000\040\000d\000e\000\040\000E\000v\000a\000l\000u\000a\000c\000i\000\363\000n}{}% 37
\BOOKMARK [1][-]{section.4.1}{\376\377\000P\000l\000a\000n\000t\000e\000a\000m\000i\000e\000n\000t\000o\000\040\000e\000x\000p\000e\000r\000i\000m\000e\000n\000t\000a\000l\000\040\000y\000\040\000c\000o\000m\000p\000a\000r\000a\000b\000i\000l\000i\000d\000a\000d}{chapter.4}% 38
\BOOKMARK [2][-]{subsection.4.1.1}{\376\377\000F\000o\000r\000m\000u\000l\000a\000c\000i\000o\000n\000e\000s\000\040\000s\000u\000p\000e\000r\000v\000i\000s\000a\000d\000a\000s}{section.4.1}% 39
\BOOKMARK [1][-]{section.4.2}{\376\377\000F\000o\000r\000m\000a\000t\000o\000\040\000d\000e\000\040\000d\000a\000t\000o\000s\000\040\000y\000\040\000r\000e\000p\000r\000e\000s\000e\000n\000t\000a\000c\000i\000\363\000n\000\040\000h\000a\000b\000i\000t\000u\000a\000l}{chapter.4}% 40
\BOOKMARK [2][-]{subsection.4.2.1}{\376\377\000U\000n\000i\000d\000a\000d\000\040\000b\000\341\000s\000i\000c\000a\000:\000\040\000b\000l\000o\000q\000u\000e\000\040\000e\000s\000t\000r\000u\000c\000t\000u\000r\000a\000l}{section.4.2}% 41
\BOOKMARK [2][-]{subsection.4.2.2}{\376\377\000G\000r\000a\000n\000u\000l\000a\000r\000i\000d\000a\000d\000\040\000d\000e\000l\000\040\000d\000a\000t\000a\000s\000e\000t\000\040\000d\000u\000r\000a\000n\000t\000e\000\040\000l\000o\000s\000\040\000e\000x\000p\000e\000r\000i\000m\000e\000n\000t\000o\000s}{section.4.2}% 42
\BOOKMARK [2][-]{subsection.4.2.3}{\376\377\000P\000i\000p\000e\000l\000i\000n\000e\000\040\000d\000e\000\040\000t\000r\000a\000n\000s\000f\000o\000r\000m\000a\000c\000i\000\363\000n\000:\000\040\000Y\000A\000M\000L\000\040\000a\000\040\000C\000S\000V\000/\000T\000S\000V}{section.4.2}% 43
\BOOKMARK [1][-]{section.4.3}{\376\377\000P\000r\000o\000t\000o\000c\000o\000l\000o\000\040\000d\000e\000\040\000e\000n\000t\000r\000e\000n\000a\000m\000i\000e\000n\000t\000o\000\040\000y\000\040\000e\000v\000a\000l\000u\000a\000c\000i\000\363\000n}{chapter.4}% 44
\BOOKMARK [1][-]{section.4.4}{\376\377\000M\000\351\000t\000r\000i\000c\000a\000s\000\040\000d\000e\000\040\000e\000v\000a\000l\000u\000a\000c\000i\000\363\000n\000:\000\040\000f\000a\000m\000i\000l\000i\000a\000s\000\040\000y\000\040\000u\000t\000i\000l\000i\000d\000a\000d}{chapter.4}% 45
\BOOKMARK [2][-]{subsection.4.4.1}{\376\377\000M\000\351\000t\000r\000i\000c\000a\000s\000\040\000s\000i\000n\000t\000\341\000c\000t\000i\000c\000a\000s\000\040\000y\000\040\000e\000s\000t\000r\000u\000c\000t\000u\000r\000a\000l\000e\000s}{section.4.4}% 46
\BOOKMARK [2][-]{subsection.4.4.2}{\376\377\000M\000\351\000t\000r\000i\000c\000a\000s\000\040\000e\000s\000t\000r\000u\000c\000t\000u\000r\000a\000l\000e\000s\000\040\000d\000e\000\040\000j\000e\000r\000a\000r\000q\000u\000\355\000a}{section.4.4}% 47
\BOOKMARK [2][-]{subsection.4.4.3}{\376\377\000M\000\351\000t\000r\000i\000c\000a\000s\000\040\000d\000e\000\040\000f\000i\000d\000e\000l\000i\000d\000a\000d\000\040\000t\000e\000x\000t\000u\000a\000l\000\040\000y\000\040\000s\000e\000m\000\341\000n\000t\000i\000c\000a}{section.4.4}% 48
\BOOKMARK [2][-]{subsection.4.4.4}{\376\377\000M\000\351\000t\000r\000i\000c\000a\000s\000\040\000d\000e\000\040\000r\000e\000q\000u\000i\000s\000i\000t\000o\000s\000\040\000d\000e\000\040\000p\000r\000o\000m\000p\000t\000\040\000y\000\040\000c\000a\000m\000p\000o\000s\000\040\000r\000e\000q\000u\000e\000r\000i\000d\000o\000s}{section.4.4}% 49
\BOOKMARK [2][-]{subsection.4.4.5}{\376\377\000V\000a\000l\000i\000d\000e\000z\000\040\000d\000e\000\040\000d\000o\000m\000i\000n\000i\000o}{section.4.4}% 50
\BOOKMARK [0][-]{chapter.5}{\376\377\000L\000\355\000n\000e\000a\000\040\000b\000a\000s\000e\000\040\000y\000\040\000a\000j\000u\000s\000t\000e\000\040\000s\000u\000p\000e\000r\000v\000i\000s\000a\000d\000o\000\040\000s\000e\000r\000i\000a\000l\000i\000z\000a\000d\000o}{}% 51
\BOOKMARK [1][-]{section.5.1}{\376\377\000L\000\355\000n\000e\000a\000\040\000b\000a\000s\000e\000\040\000z\000e\000r\000o\000-\000s\000h\000o\000t}{chapter.5}% 52
\BOOKMARK [1][-]{section.5.2}{\376\377\000s\000e\000r\000i\000a\000l\000i\000z\000e\000d\000\137\000s\000f\000t\000:\000\040\000a\000j\000u\000s\000t\000e\000\040\000c\000o\000n\000\040\000j\000e\000r\000a\000r\000q\000u\000\355\000a\000\040\000e\000n\000\040\000s\000u\000p\000e\000r\000f\000i\000c\000i\000e}{chapter.5}% 53
\BOOKMARK [1][-]{section.5.3}{\376\377\000A\000n\000\341\000l\000i\000s\000i\000s\000\040\000d\000e\000\040\000e\000r\000r\000o\000r\000e\000s\000\040\000d\000e\000l\000\040\000S\000F\000T\000\040\000s\000e\000r\000i\000a\000l\000i\000z\000a\000d\000o}{chapter.5}% 54
\BOOKMARK [0][-]{chapter.6}{\376\377\000A\000j\000u\000s\000t\000e\000\040\000F\000i\000n\000o\000\040\000c\000o\000n\000\040\000P\000r\000e\000d\000i\000c\000c\000i\000\363\000n\000\040\000E\000x\000p\000l\000\355\000c\000i\000t\000a\000\040\000d\000e\000\040\000N\000i\000v\000e\000l}{}% 55
\BOOKMARK [1][-]{section.6.1}{\376\377\000M\000o\000t\000i\000v\000a\000c\000i\000\363\000n\000:\000\040\000l\000o\000s\000\040\000l\000\355\000m\000i\000t\000e\000s\000\040\000d\000e\000\040\000l\000a\000\040\000s\000u\000p\000e\000r\000v\000i\000s\000i\000\363\000n\000\040\000i\000m\000p\000l\000\355\000c\000i\000t\000a}{chapter.6}% 56
\BOOKMARK [2][-]{subsection.6.1.1}{\376\377\000A\000n\000\341\000l\000i\000s\000i\000s\000\040\000d\000e\000\040\000l\000a\000\040\000s\000e\000\361\000a\000l\000\040\000l\000a\000t\000e\000n\000t\000e}{section.6.1}% 57
\BOOKMARK [1][-]{section.6.2}{\376\377\000D\000i\000s\000e\000\361\000o\000\040\000d\000e\000\040\000l\000a\000\040\000a\000r\000q\000u\000i\000t\000e\000c\000t\000u\000r\000a\000\040\000d\000e\000\040\000d\000o\000s\000\040\000c\000a\000b\000e\000z\000a\000l\000e\000s}{chapter.6}% 58
\BOOKMARK [1][-]{section.6.3}{\376\377\000R\000e\000s\000u\000l\000t\000a\000d\000o\000s\000\040\000d\000e\000l\000\040\000e\000x\000p\000e\000r\000i\000m\000e\000n\000t\000o\000\040\000b\000a\000s\000e\000:\000\040\000T\000H\000M\000\040\000v\0001}{chapter.6}% 59
\BOOKMARK [2][-]{subsection.6.3.1}{\376\377\000C\000o\000l\000a\000p\000s\000o\000\040\000h\000a\000c\000i\000a\000\040\000l\000o\000s\000\040\000n\000i\000v\000e\000l\000e\000s\000\040\000s\000u\000p\000e\000r\000f\000i\000c\000i\000a\000l\000e\000s}{section.6.3}% 60
\BOOKMARK [1][-]{section.6.4}{\376\377\000L\000o\000s\000\040\000m\000o\000d\000e\000l\000o\000s\000\040\000c\000l\000a\000s\000i\000f\000i\000c\000a\000d\000o\000r\000e\000s\000\040\000o\000r\000d\000i\000n\000a\000l\000e\000s}{chapter.6}% 61
\BOOKMARK [2][-]{subsection.6.4.1}{\376\377\000V\000a\000r\000i\000a\000n\000t\000e\000\040\000i\000n\000i\000c\000i\000a\000l\000\040\000y\000\040\000t\000a\000s\000a\000\040\000d\000e\000\040\000a\000p\000r\000e\000n\000d\000i\000z\000a\000j\000e\000\040\000d\000e\000\040\000u\000m\000b\000r\000a\000l\000e\000s\000\040\000\050\000l\000r\0002\0005\000\051}{section.6.4}% 62
\BOOKMARK [2][-]{subsection.6.4.2}{\376\377\000M\000L\000P\000\040\000d\000e\000\040\000t\000r\000e\000s\000\040\000c\000a\000p\000a\000s\000\040\000\050\000m\000l\000p\0003\000\051}{section.6.4}% 63
\BOOKMARK [2][-]{subsection.6.4.3}{\376\377\000U\000m\000b\000r\000a\000l\000e\000s\000\040\000c\000e\000n\000t\000r\000a\000d\000o\000s\000:\000\040\000e\000l\000\040\000p\000r\000i\000m\000e\000r\000\040\000a\000c\000c\000e\000s\000o\000\040\000a\000\040\000l\000o\000s\000\040\000n\000i\000v\000e\000l\000e\000s\000\040\000p\000r\000o\000f\000u\000n\000d\000o\000s}{section.6.4}% 64
\BOOKMARK [1][-]{section.6.5}{\376\377\000A\000n\000\341\000l\000i\000s\000i\000s\000\040\000d\000e\000\040\000e\000r\000r\000o\000r\000e\000s\000\040\000d\000e\000l\000\040\000T\000H\000O\000\040\000c\000e\000n\000t\000r\000a\000d\000o}{chapter.6}% 65
\BOOKMARK [2][-]{subsection.6.5.1}{\376\377\000C\000o\000n\000d\000i\000c\000i\000o\000n\000a\000m\000i\000e\000n\000t\000o\000\040\000p\000o\000s\000i\000c\000i\000o\000n\000a\000l\000\040\000d\000e\000l\000\040\000c\000a\000b\000e\000z\000a\000l\000\040\000o\000r\000d\000i\000n\000a\000l}{section.6.5}% 66
\BOOKMARK [2][-]{subsection.6.5.2}{\376\377\000S\000e\000g\000u\000n\000d\000o\000\040\000e\000x\000p\000e\000r\000i\000m\000e\000n\000t\000o\000\040\000p\000o\000s\000i\000c\000i\000o\000n\000a\000l\000:\000\040\000m\000o\000d\000u\000l\000a\000c\000i\000\363\000n\000\040\000F\000i\000L\000M\000/\000g\000a\000t\000i\000n\000g}{section.6.5}% 67
\BOOKMARK [0][-]{chapter.7}{\376\377\000A\000l\000i\000n\000e\000a\000c\000i\000\363\000n\000\040\000M\000e\000d\000i\000a\000n\000t\000e\000\040\000O\000p\000t\000i\000m\000i\000z\000a\000c\000i\000\363\000n\000\040\000d\000e\000\040\000P\000r\000e\000f\000e\000r\000e\000n\000c\000i\000a\000s\000\040\000D\000i\000r\000e\000c\000t\000a}{}% 68
\BOOKMARK [1][-]{section.7.1}{\376\377\000G\000e\000n\000e\000r\000a\000c\000i\000\363\000n\000\040\000d\000e\000\040\000c\000a\000n\000d\000i\000d\000a\000t\000o\000s\000\040\000p\000a\000r\000a\000\040\000D\000P\000O}{chapter.7}% 69
\BOOKMARK [1][-]{section.7.2}{\376\377\000P\000r\000i\000m\000e\000r\000\040\000a\000j\000u\000s\000t\000e\000\040\000D\000P\000O\000\040\000s\000o\000b\000r\000e\000\040\000e\000l\000\040\000d\000a\000t\000a\000s\000e\000t\000\040\000d\000e\000\040\000p\000r\000e\000f\000e\000r\000e\000n\000c\000i\000a\000s\000\040\000V\0001}{chapter.7}% 70
\BOOKMARK [1][-]{section.7.3}{\376\377\000G\000e\000n\000e\000r\000a\000c\000i\000\363\000n\000\040\000i\000t\000e\000r\000a\000t\000i\000v\000a\000\040\000d\000e\000l\000\040\000d\000a\000t\000a\000s\000e\000t\000\040\000D\000P\000O\000\040\000v\0002}{chapter.7}% 71
\BOOKMARK [2][-]{subsection.7.3.1}{\376\377\000P\000l\000a\000n\000t\000e\000a\000m\000i\000e\000n\000t\000o\000\040\000d\000e\000l\000\040\000e\000n\000f\000o\000q\000u\000e\000\040\000i\000t\000e\000r\000a\000t\000i\000v\000o}{section.7.3}% 72
\BOOKMARK [2][-]{subsection.7.3.2}{\376\377\000C\000o\000n\000s\000t\000r\000u\000c\000c\000i\000\363\000n\000\040\000d\000e\000l\000\040\000d\000a\000t\000a\000s\000e\000t\000\040\000D\000P\000O\000\040\000V\0002}{section.7.3}% 73
\BOOKMARK [1][-]{section.7.4}{\376\377\000S\000e\000g\000u\000n\000d\000o\000\040\000a\000j\000u\000s\000t\000e\000\040\000D\000P\000O\000\040\000s\000o\000b\000r\000e\000\040\000e\000l\000\040\000d\000a\000t\000a\000s\000e\000t\000\040\000d\000e\000\040\000p\000r\000e\000f\000e\000r\000e\000n\000c\000i\000a\000s\000\040\000v\0002}{chapter.7}% 74
\BOOKMARK [2][-]{subsection.7.4.1}{\376\377\000E\000x\000p\000e\000r\000i\000m\000e\000n\000t\000o\000\040\000c\000o\000n\000\040\000l\000r\000\040\0001\000e\000-\0005}{section.7.4}% 75
\BOOKMARK [2][-]{subsection.7.4.2}{\376\377\000E\000x\000p\000e\000r\000i\000m\000e\000n\000t\000o\000\040\000c\000o\000n\000\040\000l\000r\000\040\0001\000e\000-\0004}{section.7.4}% 76
\BOOKMARK [0][-]{chapter.8}{\376\377\000R\000e\000s\000u\000l\000t\000a\000d\000o\000s}{}% 77
\BOOKMARK [1][-]{section.8.1}{\376\377\000R\000e\000s\000u\000l\000t\000a\000d\000o\000s\000\040\000g\000l\000o\000b\000a\000l\000e\000s\000\040\000e\000n\000\040\000c\000o\000n\000j\000u\000n\000t\000o\000\040\000t\000e\000s\000t}{chapter.8}% 78
\BOOKMARK [1][-]{section.8.2}{\376\377\000C\000o\000m\000e\000n\000t\000a\000r\000i\000o\000s\000\040\000s\000o\000b\000r\000e\000\040\000l\000a\000\040\000c\000o\000m\000p\000a\000r\000a\000c\000i\000\363\000n}{chapter.8}% 79
\BOOKMARK [0][-]{chapter.9}{\376\377\000I\000m\000p\000a\000c\000t\000o\000\040\000S\000o\000c\000i\000a\000l\000\040\000y\000\040\000\311\000t\000i\000c\000a}{}% 80
\BOOKMARK [1][-]{section.9.1}{\376\377\000N\000a\000t\000u\000r\000a\000l\000e\000z\000a\000\040\000y\000\040\000a\000l\000c\000a\000n\000c\000e\000\040\000d\000e\000l\000\040\000s\000i\000s\000t\000e\000m\000a}{chapter.9}% 81
\BOOKMARK [1][-]{section.9.2}{\376\377\000E\000n\000c\000a\000j\000e\000\040\000r\000e\000g\000u\000l\000a\000t\000o\000r\000i\000o\000\040\000y\000\040\000j\000u\000r\000\355\000d\000i\000c\000o}{chapter.9}% 82
\BOOKMARK [1][-]{section.9.3}{\376\377\000R\000i\000e\000s\000g\000o\000s\000\040\000p\000r\000i\000n\000c\000i\000p\000a\000l\000e\000s}{chapter.9}% 83
\BOOKMARK [1][-]{section.9.4}{\376\377\000M\000e\000d\000i\000d\000a\000s\000\040\000d\000e\000\040\000m\000i\000t\000i\000g\000a\000c\000i\000\363\000n\000\040\000y\000\040\000r\000e\000s\000p\000o\000n\000s\000a\000b\000i\000l\000i\000d\000a\000d}{chapter.9}% 84
\BOOKMARK [1][-]{section.9.5}{\376\377\000R\000e\000s\000u\000m\000e\000n\000\040\000d\000e\000\040\000i\000m\000p\000a\000c\000t\000o}{chapter.9}% 85
\BOOKMARK [0][-]{chapter.10}{\376\377\000C\000o\000n\000c\000l\000u\000s\000i\000o\000n\000e\000s\000\040\000y\000\040\000T\000r\000a\000b\000a\000j\000o\000\040\000F\000u\000t\000u\000r\000o}{}% 86
\BOOKMARK [1][-]{section.10.1}{\376\377\000C\000o\000n\000c\000l\000u\000s\000i\000o\000n\000e\000s\000\040\000p\000r\000i\000n\000c\000i\000p\000a\000l\000e\000s}{chapter.10}% 87
\BOOKMARK [2][-]{subsection.10.1.1}{\376\377\000A\000n\000\341\000l\000i\000s\000i\000s\000\040\000d\000e\000\040\000l\000a\000\040\000p\000r\000o\000p\000u\000e\000s\000t\000a\000\040\000s\000e\000r\000i\000a\000l\000i\000z\000a\000d\000a}{section.10.1}% 88
\BOOKMARK [2][-]{subsection.10.1.2}{\376\377\000A\000n\000\341\000l\000i\000s\000i\000s\000\040\000d\000e\000\040\000l\000a\000\040\000p\000r\000o\000p\000u\000e\000s\000t\000a\000\040\000T\000w\000o\000-\000H\000e\000a\000d}{section.10.1}% 89
\BOOKMARK [2][-]{subsection.10.1.3}{\376\377\000A\000n\000\341\000l\000i\000s\000i\000s\000\040\000d\000e\000\040\000l\000a\000\040\000p\000r\000o\000p\000u\000e\000s\000t\000a\000\040\000d\000e\000\040\000R\000L\000H\000F}{section.10.1}% 90
\BOOKMARK [1][-]{section.10.2}{\376\377\000R\000e\000v\000i\000s\000i\000\363\000n\000\040\000d\000e\000\040\000o\000b\000j\000e\000t\000i\000v\000o\000s}{chapter.10}% 91
\BOOKMARK [1][-]{section.10.3}{\376\377\000T\000r\000a\000b\000a\000j\000o\000\040\000f\000u\000t\000u\000r\000o}{chapter.10}% 92
\BOOKMARK [0][-]{appendix*.73}{\376\377\000C\000o\000n\000f\000i\000g\000u\000r\000a\000c\000i\000\363\000n\000\040\000e\000x\000p\000e\000r\000i\000m\000e\000n\000t\000a\000l\000\040\000y\000\040\000r\000e\000p\000r\000o\000d\000u\000c\000i\000b\000i\000l\000i\000d\000a\000d}{}% 93
\BOOKMARK [1][-]{section.Alph0.1}{\376\377\000E\000n\000t\000o\000r\000n\000o\000\040\000d\000e\000\040\000h\000a\000r\000d\000w\000a\000r\000e\000\040\000y\000\040\000s\000o\000f\000t\000w\000a\000r\000e}{appendix*.73}% 94
\BOOKMARK [1][-]{section.Alph0.2}{\376\377\000M\000o\000d\000e\000l\000o\000\040\000b\000a\000s\000e\000\040\000y\000\040\000c\000u\000a\000n\000t\000i\000z\000a\000c\000i\000\363\000n}{appendix*.73}% 95
\BOOKMARK [1][-]{section.Alph0.3}{\376\377\000C\000o\000n\000f\000i\000g\000u\000r\000a\000c\000i\000\363\000n\000\040\000L\000o\000R\000A}{appendix*.73}% 96
\BOOKMARK [1][-]{section.Alph0.4}{\376\377\000H\000i\000p\000e\000r\000p\000a\000r\000\341\000m\000e\000t\000r\000o\000s\000\040\000d\000e\000\040\000e\000n\000t\000r\000e\000n\000a\000m\000i\000e\000n\000t\000o\000\040\000p\000o\000r\000\040\000v\000a\000r\000i\000a\000n\000t\000e}{appendix*.73}% 97
\BOOKMARK [1][-]{section.Alph0.5}{\376\377\000C\000o\000n\000f\000i\000g\000u\000r\000a\000c\000i\000\363\000n\000\040\000d\000e\000\040\000i\000n\000f\000e\000r\000e\000n\000c\000i\000a\000\040\000y\000\040\000e\000v\000a\000l\000u\000a\000c\000i\000\363\000n}{appendix*.73}% 98
\BOOKMARK [1][-]{section.Alph0.6}{\376\377\000R\000e\000p\000r\000o\000d\000u\000c\000i\000b\000i\000l\000i\000d\000a\000d\000\040\000y\000\040\000t\000r\000a\000z\000a\000b\000i\000l\000i\000d\000a\000d}{appendix*.73}% 99
\BOOKMARK [0][-]{appendix*.88}{\376\377\000E\000v\000a\000l\000u\000a\000c\000i\000\363\000n\000\040\000\351\000t\000i\000c\000a\000\040\000y\000\040\000m\000a\000t\000r\000i\000z\000\040\000d\000e\000\040\000r\000i\000e\000s\000g\000o\000s}{}% 100
\BOOKMARK [1][-]{section.Alph0.7}{\376\377\000C\000l\000a\000s\000i\000f\000i\000c\000a\000c\000i\000\363\000n\000\040\000b\000a\000j\000o\000\040\000e\000l\000\040\000A\000I\000\040\000A\000c\000t}{appendix*.88}% 101
\BOOKMARK [1][-]{section.Alph0.8}{\376\377\000F\000a\000c\000t\000o\000r\000e\000s\000\040\000R\000G\000P\000D}{appendix*.88}% 102
\BOOKMARK [1][-]{section.Alph0.9}{\376\377\000C\000h\000e\000c\000k\000l\000i\000s\000t\000\040\000\351\000t\000i\000c\000a\000\040\000A\000I\000\040\000H\000L\000E\000G}{appendix*.88}% 103
\BOOKMARK [1][-]{section.Alph0.10}{\376\377\000M\000a\000t\000r\000i\000z\000\040\000d\000e\000\040\000r\000i\000e\000s\000g\000o\000s}{appendix*.88}% 104
